2025-11-09 04:24:37,342 INFO Mitigation component started.
2025-11-09 04:24:37,342 INFO Processing violation #1: Detected event: DELETED on C:\Users\USER\Desktop\RansomWare\personal_ss4334\index.html at 2025-11-09T01:04:37.700549Z
2025-11-09 04:24:37,342 INFO Mitigation triggered for unknown on . at 2025-11-09T01:04:37.700549Z
2025-11-09 04:24:37,342 WARNING ALERT TO ADMIN: Suspicious file unknown detected on . at 2025-11-09T01:04:37.700549Z
2025-11-09 04:24:37,342 WARNING No candidate processes found for event; unable to suspend/terminate.
2025-11-09 04:24:37,342 INFO Mitigation completed.

2025-11-09 04:24:37,378 INFO Processing violation #2: Detected event: DELETED on C:\Users\USER\Desktop\RansomWare\personal_ss4334\testfile1.txt at 2025-11-09T01:03:47.909317Z
2025-11-09 04:24:37,378 INFO Mitigation triggered for unknown on . at 2025-11-09T01:03:47.909317Z
2025-11-09 04:24:37,378 WARNING ALERT TO ADMIN: Suspicious file unknown detected on . at 2025-11-09T01:03:47.909317Z
2025-11-09 04:24:37,378 WARNING No candidate processes found for event; unable to suspend/terminate.
2025-11-09 04:24:37,378 INFO Mitigation completed.

2025-11-09 04:24:37,381 INFO Processing violation #3: Detected event: MODIFIED on C:\Users\USER\Desktop\RansomWare\personal_ss4334\testfile1.txt at 2025-11-09T01:02:57.700107Z
2025-11-09 04:24:37,381 INFO Mitigation triggered for unknown on . at 2025-11-09T01:02:57.700107Z
2025-11-09 04:24:37,381 WARNING ALERT TO ADMIN: Suspicious file unknown detected on . at 2025-11-09T01:02:57.700107Z
2025-11-09 04:24:37,381 WARNING No candidate processes found for event; unable to suspend/terminate.
2025-11-09 04:24:37,381 INFO Mitigation completed.

2025-11-09 04:24:37,381 INFO Processing violation #4: Detected event: CREATED on C:\Users\USER\Desktop\RansomWare\personal_ss4334\testfile1.txt at 2025-11-09T01:02:35.645921Z
2025-11-09 04:24:37,383 INFO Mitigation triggered for unknown on . at 2025-11-09T01:02:35.645921Z
2025-11-09 04:24:37,383 WARNING ALERT TO ADMIN: Suspicious file unknown detected on . at 2025-11-09T01:02:35.645921Z
2025-11-09 04:24:37,383 WARNING No candidate processes found for event; unable to suspend/terminate.
2025-11-09 04:24:37,383 INFO Mitigation completed.

2025-11-09 04:24:37,383 INFO Processing violation #5: Detected event: CREATED on C:\Users\USER\Desktop\RansomWare\personal_ss4334\index.html at 2025-11-09T01:01:47.272279Z
2025-11-09 04:24:37,385 INFO Mitigation triggered for unknown on . at 2025-11-09T01:01:47.272279Z
2025-11-09 04:24:37,385 WARNING ALERT TO ADMIN: Suspicious file unknown detected on . at 2025-11-09T01:01:47.272279Z
2025-11-09 04:24:37,385 WARNING No candidate processes found for event; unable to suspend/terminate.
2025-11-09 04:24:37,385 INFO Mitigation completed.

2025-11-09 04:24:37,385 INFO Processing violation #6: No candidate processes from user EUID found at 2025-11-08T22:04:37Z
2025-11-09 04:24:37,385 INFO Mitigation triggered for deleted on . at 2025-11-08T22:04:37Z
2025-11-09 04:24:37,385 WARNING ALERT TO ADMIN: Suspicious file deleted detected on . at 2025-11-08T22:04:37Z
2025-11-09 04:24:37,385 WARNING No candidate processes found for event; unable to suspend/terminate.
2025-11-09 04:24:37,385 ERROR Failed to restore .: [WinError 5] Access is denied: '.'
2025-11-09 04:24:37,385 INFO Mitigation completed.

2025-11-09 04:24:37,385 INFO Processing violation #7: No candidate processes from user EUID found at 2025-11-08T22:03:47Z
2025-11-09 04:24:37,385 INFO Mitigation triggered for deleted on . at 2025-11-08T22:03:47Z
2025-11-09 04:24:37,385 WARNING ALERT TO ADMIN: Suspicious file deleted detected on . at 2025-11-08T22:03:47Z
2025-11-09 04:24:37,390 WARNING No candidate processes found for event; unable to suspend/terminate.
2025-11-09 04:24:37,390 ERROR Failed to restore .: [WinError 5] Access is denied: '.'
2025-11-09 04:24:37,390 INFO Mitigation completed.

2025-11-09 04:24:37,390 INFO Processing violation #8: No candidate processes from user EUID found at 2025-11-08T22:02:57Z
2025-11-09 04:24:37,390 INFO Mitigation triggered for modified on . at 2025-11-08T22:02:57Z
2025-11-09 04:24:37,390 WARNING ALERT TO ADMIN: Suspicious file modified detected on . at 2025-11-08T22:02:57Z
2025-11-09 04:24:37,390 WARNING No candidate processes found for event; unable to suspend/terminate.
2025-11-09 04:24:37,390 ERROR Failed to restore .: [WinError 5] Access is denied: '.'
2025-11-09 04:24:37,390 INFO Mitigation completed.

2025-11-09 04:24:37,390 INFO Processing violation #9: No candidate processes from user EUID found at 2025-11-08T22:02:35Z
2025-11-09 04:24:37,390 INFO Mitigation triggered for created on . at 2025-11-08T22:02:35Z
2025-11-09 04:24:37,390 WARNING ALERT TO ADMIN: Suspicious file created detected on . at 2025-11-08T22:02:35Z
2025-11-09 04:24:37,390 WARNING No candidate processes found for event; unable to suspend/terminate.
2025-11-09 04:24:37,390 INFO Mitigation completed.

2025-11-09 04:24:37,390 INFO Processing violation #10: No candidate processes from user EUID found at 2025-11-08T22:01:47Z
2025-11-09 04:24:37,390 INFO Mitigation triggered for created on . at 2025-11-08T22:01:47Z
2025-11-09 04:24:37,390 WARNING ALERT TO ADMIN: Suspicious file created detected on . at 2025-11-08T22:01:47Z
2025-11-09 04:24:37,390 WARNING No candidate processes found for event; unable to suspend/terminate.
2025-11-09 04:24:37,390 INFO Mitigation completed.

2025-11-09 04:24:37,390 INFO Mitigation component finished.
2025-11-09 04:24:51,703 INFO Mitigation component started.
2025-11-09 04:24:51,703 INFO Processing violation #1: Detected event: DELETED on C:\Users\USER\Desktop\RansomWare\personal_ss4334\index.html at 2025-11-09T01:04:37.700549Z
2025-11-09 04:24:51,703 INFO Mitigation triggered for unknown on . at 2025-11-09T01:04:37.700549Z
2025-11-09 04:24:51,703 WARNING ALERT TO ADMIN: Suspicious file unknown detected on . at 2025-11-09T01:04:37.700549Z
2025-11-09 04:24:51,703 WARNING No candidate processes found for event; unable to suspend/terminate.
2025-11-09 04:24:51,703 INFO Mitigation completed.

2025-11-09 04:24:51,703 INFO Processing violation #2: Detected event: DELETED on C:\Users\USER\Desktop\RansomWare\personal_ss4334\testfile1.txt at 2025-11-09T01:03:47.909317Z
2025-11-09 04:24:51,703 INFO Mitigation triggered for unknown on . at 2025-11-09T01:03:47.909317Z
2025-11-09 04:24:51,703 WARNING ALERT TO ADMIN: Suspicious file unknown detected on . at 2025-11-09T01:03:47.909317Z
2025-11-09 04:24:51,703 WARNING No candidate processes found for event; unable to suspend/terminate.
2025-11-09 04:24:51,703 INFO Mitigation completed.

2025-11-09 04:24:51,703 INFO Processing violation #3: Detected event: MODIFIED on C:\Users\USER\Desktop\RansomWare\personal_ss4334\testfile1.txt at 2025-11-09T01:02:57.700107Z
2025-11-09 04:24:51,703 INFO Mitigation triggered for unknown on . at 2025-11-09T01:02:57.700107Z
2025-11-09 04:24:51,703 WARNING ALERT TO ADMIN: Suspicious file unknown detected on . at 2025-11-09T01:02:57.700107Z
2025-11-09 04:24:51,703 WARNING No candidate processes found for event; unable to suspend/terminate.
2025-11-09 04:24:51,703 INFO Mitigation completed.

2025-11-09 04:24:51,703 INFO Processing violation #4: Detected event: CREATED on C:\Users\USER\Desktop\RansomWare\personal_ss4334\testfile1.txt at 2025-11-09T01:02:35.645921Z
2025-11-09 04:24:51,703 INFO Mitigation triggered for unknown on . at 2025-11-09T01:02:35.645921Z
2025-11-09 04:24:51,703 WARNING ALERT TO ADMIN: Suspicious file unknown detected on . at 2025-11-09T01:02:35.645921Z
2025-11-09 04:24:51,703 WARNING No candidate processes found for event; unable to suspend/terminate.
2025-11-09 04:24:51,703 INFO Mitigation completed.

2025-11-09 04:24:51,703 INFO Processing violation #5: Detected event: CREATED on C:\Users\USER\Desktop\RansomWare\personal_ss4334\index.html at 2025-11-09T01:01:47.272279Z
2025-11-09 04:24:51,703 INFO Mitigation triggered for unknown on . at 2025-11-09T01:01:47.272279Z
2025-11-09 04:24:51,712 WARNING ALERT TO ADMIN: Suspicious file unknown detected on . at 2025-11-09T01:01:47.272279Z
2025-11-09 04:24:51,712 WARNING No candidate processes found for event; unable to suspend/terminate.
2025-11-09 04:24:51,712 INFO Mitigation completed.

2025-11-09 04:24:51,712 INFO Processing violation #6: No candidate processes from user EUID found at 2025-11-08T22:04:37Z
2025-11-09 04:24:51,712 INFO Mitigation triggered for deleted on . at 2025-11-08T22:04:37Z
2025-11-09 04:24:51,712 WARNING ALERT TO ADMIN: Suspicious file deleted detected on . at 2025-11-08T22:04:37Z
2025-11-09 04:24:51,712 WARNING No candidate processes found for event; unable to suspend/terminate.
2025-11-09 04:24:51,712 ERROR Failed to restore .: [WinError 5] Access is denied: '.'
2025-11-09 04:24:51,712 INFO Mitigation completed.

2025-11-09 04:24:51,712 INFO Processing violation #7: No candidate processes from user EUID found at 2025-11-08T22:03:47Z
2025-11-09 04:24:51,712 INFO Mitigation triggered for deleted on . at 2025-11-08T22:03:47Z
2025-11-09 04:24:51,712 WARNING ALERT TO ADMIN: Suspicious file deleted detected on . at 2025-11-08T22:03:47Z
2025-11-09 04:24:51,712 WARNING No candidate processes found for event; unable to suspend/terminate.
2025-11-09 04:24:51,712 ERROR Failed to restore .: [WinError 5] Access is denied: '.'
2025-11-09 04:24:51,712 INFO Mitigation completed.

2025-11-09 04:24:51,712 INFO Processing violation #8: No candidate processes from user EUID found at 2025-11-08T22:02:57Z
2025-11-09 04:24:51,712 INFO Mitigation triggered for modified on . at 2025-11-08T22:02:57Z
2025-11-09 04:24:51,712 WARNING ALERT TO ADMIN: Suspicious file modified detected on . at 2025-11-08T22:02:57Z
2025-11-09 04:24:51,712 WARNING No candidate processes found for event; unable to suspend/terminate.
2025-11-09 04:24:51,712 ERROR Failed to restore .: [WinError 5] Access is denied: '.'
2025-11-09 04:24:51,712 INFO Mitigation completed.

2025-11-09 04:24:51,712 INFO Processing violation #9: No candidate processes from user EUID found at 2025-11-08T22:02:35Z
2025-11-09 04:24:51,712 INFO Mitigation triggered for created on . at 2025-11-08T22:02:35Z
2025-11-09 04:24:51,712 WARNING ALERT TO ADMIN: Suspicious file created detected on . at 2025-11-08T22:02:35Z
2025-11-09 04:24:51,712 WARNING No candidate processes found for event; unable to suspend/terminate.
2025-11-09 04:24:51,712 INFO Mitigation completed.

2025-11-09 04:24:51,712 INFO Processing violation #10: No candidate processes from user EUID found at 2025-11-08T22:01:47Z
2025-11-09 04:24:51,712 INFO Mitigation triggered for created on . at 2025-11-08T22:01:47Z
2025-11-09 04:24:51,712 WARNING ALERT TO ADMIN: Suspicious file created detected on . at 2025-11-08T22:01:47Z
2025-11-09 04:24:51,712 WARNING No candidate processes found for event; unable to suspend/terminate.
2025-11-09 04:24:51,712 INFO Mitigation completed.

2025-11-09 04:24:51,712 INFO Mitigation component finished.
2025-11-09 19:11:40,431 INFO Mitigation component started.
2025-11-09 19:11:40,449 INFO Processing violation #1: Detected event: MODIFIED on C:\Users\USER\Desktop\RansomWare\personal_ss4334\secret1 at 2025-11-09T01:27:55.110265Z
2025-11-09 19:11:40,449 INFO Mitigation triggered for unknown on . at 2025-11-09T01:27:55.110265Z
2025-11-09 19:11:45,479 INFO Alert email sent successfully.
2025-11-09 19:11:45,991 WARNING No candidate processes found for event; unable to suspend/terminate.
2025-11-09 19:11:45,991 INFO Mitigation completed.

2025-11-09 19:11:45,991 INFO Processing violation #2: Detected event: DELETED on C:\Users\USER\Desktop\RansomWare\personal_ss4334\index.html at 2025-11-09T01:04:37.700549Z
2025-11-09 19:11:45,991 INFO Mitigation triggered for unknown on . at 2025-11-09T01:04:37.700549Z
2025-11-09 19:11:51,460 INFO Alert email sent successfully.
2025-11-09 19:11:51,603 WARNING No candidate processes found for event; unable to suspend/terminate.
2025-11-09 19:11:51,603 INFO Mitigation completed.

2025-11-09 19:11:51,603 INFO Processing violation #3: Detected event: DELETED on C:\Users\USER\Desktop\RansomWare\personal_ss4334\testfile1.txt at 2025-11-09T01:03:47.909317Z
2025-11-09 19:11:51,603 INFO Mitigation triggered for unknown on . at 2025-11-09T01:03:47.909317Z
2025-11-09 19:11:54,513 INFO Alert email sent successfully.
2025-11-09 19:11:54,668 WARNING No candidate processes found for event; unable to suspend/terminate.
2025-11-09 19:11:54,669 INFO Mitigation completed.

2025-11-09 19:11:54,669 INFO Processing violation #4: Detected event: MODIFIED on C:\Users\USER\Desktop\RansomWare\personal_ss4334\testfile1.txt at 2025-11-09T01:02:57.700107Z
2025-11-09 19:11:54,669 INFO Mitigation triggered for unknown on . at 2025-11-09T01:02:57.700107Z
2025-11-09 19:11:57,756 INFO Alert email sent successfully.
2025-11-09 19:11:57,903 WARNING No candidate processes found for event; unable to suspend/terminate.
2025-11-09 19:11:57,905 INFO Mitigation completed.

2025-11-09 19:11:57,905 INFO Processing violation #5: Detected event: CREATED on C:\Users\USER\Desktop\RansomWare\personal_ss4334\testfile1.txt at 2025-11-09T01:02:35.645921Z
2025-11-09 19:11:57,905 INFO Mitigation triggered for unknown on . at 2025-11-09T01:02:35.645921Z
2025-11-09 19:12:00,919 INFO Alert email sent successfully.
2025-11-09 19:12:01,077 WARNING No candidate processes found for event; unable to suspend/terminate.
2025-11-09 19:12:01,079 INFO Mitigation completed.

2025-11-09 19:12:01,080 INFO Processing violation #6: Detected event: CREATED on C:\Users\USER\Desktop\RansomWare\personal_ss4334\index.html at 2025-11-09T01:01:47.272279Z
2025-11-09 19:12:01,081 INFO Mitigation triggered for unknown on . at 2025-11-09T01:01:47.272279Z
2025-11-09 19:12:04,249 INFO Alert email sent successfully.
2025-11-09 19:12:04,402 WARNING No candidate processes found for event; unable to suspend/terminate.
2025-11-09 19:12:04,406 INFO Mitigation completed.

2025-11-09 19:12:04,407 INFO Processing violation #7: No candidate processes from user EUID found at 2025-11-08T22:04:37Z
2025-11-09 19:12:04,409 INFO Mitigation triggered for deleted on . at 2025-11-08T22:04:37Z
2025-11-09 19:12:07,383 INFO Alert email sent successfully.
2025-11-09 19:12:07,521 WARNING No candidate processes found for event; unable to suspend/terminate.
2025-11-09 19:12:07,532 ERROR Failed to restore .: [WinError 5] Access is denied: '.'
2025-11-09 19:12:07,533 INFO Mitigation completed.

2025-11-09 19:12:07,534 INFO Processing violation #8: No candidate processes from user EUID found at 2025-11-08T22:03:47Z
2025-11-09 19:12:07,534 INFO Mitigation triggered for deleted on . at 2025-11-08T22:03:47Z
2025-11-09 19:12:10,597 INFO Alert email sent successfully.
2025-11-09 19:12:10,761 WARNING No candidate processes found for event; unable to suspend/terminate.
2025-11-09 19:12:10,768 ERROR Failed to restore .: [WinError 5] Access is denied: '.'
2025-11-09 19:12:10,769 INFO Mitigation completed.

2025-11-09 19:12:10,771 INFO Processing violation #9: No candidate processes from user EUID found at 2025-11-08T22:02:57Z
2025-11-09 19:12:10,774 INFO Mitigation triggered for modified on . at 2025-11-08T22:02:57Z
2025-11-09 19:12:13,761 INFO Alert email sent successfully.
2025-11-09 19:12:13,917 WARNING No candidate processes found for event; unable to suspend/terminate.
2025-11-09 19:12:13,918 ERROR Failed to restore .: [WinError 5] Access is denied: '.'
2025-11-09 19:12:13,918 INFO Mitigation completed.

2025-11-09 19:12:13,919 INFO Processing violation #10: No candidate processes from user EUID found at 2025-11-08T22:02:35Z
2025-11-09 19:12:13,919 INFO Mitigation triggered for created on . at 2025-11-08T22:02:35Z
2025-11-09 19:12:17,082 INFO Alert email sent successfully.
2025-11-09 19:12:17,240 WARNING No candidate processes found for event; unable to suspend/terminate.
2025-11-09 19:12:17,240 INFO Mitigation completed.

2025-11-09 19:12:17,240 INFO Mitigation component finished.
2025-11-09 19:18:21,239 INFO Mitigation component started.
2025-11-09 19:18:21,239 INFO Processing violation #1: Detected event: MODIFIED on C:\Users\USER\Desktop\RansomWare\personal_ss4334\secret1 at 2025-11-09T01:27:55.110265Z
2025-11-09 19:18:21,239 INFO Mitigation triggered for unknown on . at 2025-11-09T01:27:55.110265Z
2025-11-09 19:18:24,787 INFO Alert email sent successfully.
2025-11-09 19:18:24,945 WARNING No candidate processes found for event; unable to suspend/terminate.
2025-11-09 19:18:24,945 INFO Mitigation completed.

2025-11-09 19:18:24,945 INFO Processing violation #2: Detected event: DELETED on C:\Users\USER\Desktop\RansomWare\personal_ss4334\index.html at 2025-11-09T01:04:37.700549Z
2025-11-09 19:18:24,946 INFO Mitigation triggered for unknown on . at 2025-11-09T01:04:37.700549Z
2025-11-09 19:18:28,272 INFO Alert email sent successfully.
2025-11-09 19:18:28,411 WARNING No candidate processes found for event; unable to suspend/terminate.
2025-11-09 19:18:28,411 INFO Mitigation completed.

2025-11-09 19:18:28,411 INFO Processing violation #3: Detected event: DELETED on C:\Users\USER\Desktop\RansomWare\personal_ss4334\testfile1.txt at 2025-11-09T01:03:47.909317Z
2025-11-09 19:18:28,411 INFO Mitigation triggered for unknown on . at 2025-11-09T01:03:47.909317Z
2025-11-09 19:18:31,599 INFO Alert email sent successfully.
2025-11-09 19:18:31,755 WARNING No candidate processes found for event; unable to suspend/terminate.
2025-11-09 19:18:31,755 INFO Mitigation completed.

2025-11-09 19:18:31,755 INFO Processing violation #4: Detected event: MODIFIED on C:\Users\USER\Desktop\RansomWare\personal_ss4334\testfile1.txt at 2025-11-09T01:02:57.700107Z
2025-11-09 19:18:31,755 INFO Mitigation triggered for unknown on . at 2025-11-09T01:02:57.700107Z
2025-11-09 19:18:34,857 INFO Alert email sent successfully.
2025-11-09 19:18:35,026 WARNING No candidate processes found for event; unable to suspend/terminate.
2025-11-09 19:18:35,026 INFO Mitigation completed.

2025-11-09 19:18:35,026 INFO Processing violation #5: Detected event: CREATED on C:\Users\USER\Desktop\RansomWare\personal_ss4334\testfile1.txt at 2025-11-09T01:02:35.645921Z
2025-11-09 19:18:35,028 INFO Mitigation triggered for unknown on . at 2025-11-09T01:02:35.645921Z
2025-11-09 19:18:38,093 INFO Alert email sent successfully.
2025-11-09 19:18:38,241 WARNING No candidate processes found for event; unable to suspend/terminate.
2025-11-09 19:18:38,246 INFO Mitigation completed.

2025-11-09 19:18:38,246 INFO Processing violation #6: Detected event: CREATED on C:\Users\USER\Desktop\RansomWare\personal_ss4334\index.html at 2025-11-09T01:01:47.272279Z
2025-11-09 19:18:38,246 INFO Mitigation triggered for unknown on . at 2025-11-09T01:01:47.272279Z
2025-11-09 19:18:41,351 INFO Alert email sent successfully.
2025-11-09 19:18:41,498 WARNING No candidate processes found for event; unable to suspend/terminate.
2025-11-09 19:18:41,498 INFO Mitigation completed.

2025-11-09 19:18:41,498 INFO Processing violation #7: No candidate processes from user EUID found at 2025-11-08T22:04:37Z
2025-11-09 19:18:41,498 INFO Mitigation triggered for deleted on . at 2025-11-08T22:04:37Z
2025-11-09 19:18:44,558 INFO Alert email sent successfully.
2025-11-09 19:18:44,695 WARNING No candidate processes found for event; unable to suspend/terminate.
2025-11-09 19:18:44,695 ERROR Failed to restore .: [WinError 5] Access is denied: '.'
2025-11-09 19:18:44,695 INFO Mitigation completed.

2025-11-09 19:18:44,695 INFO Processing violation #8: No candidate processes from user EUID found at 2025-11-08T22:03:47Z
2025-11-09 19:18:44,695 INFO Mitigation triggered for deleted on . at 2025-11-08T22:03:47Z
2025-11-09 19:18:47,808 INFO Alert email sent successfully.
2025-11-09 19:18:47,943 WARNING No candidate processes found for event; unable to suspend/terminate.
2025-11-09 19:18:47,943 ERROR Failed to restore .: [WinError 5] Access is denied: '.'
2025-11-09 19:18:47,943 INFO Mitigation completed.

2025-11-09 19:18:47,943 INFO Processing violation #9: No candidate processes from user EUID found at 2025-11-08T22:02:57Z
2025-11-09 19:18:47,943 INFO Mitigation triggered for modified on . at 2025-11-08T22:02:57Z
2025-11-09 19:18:50,962 INFO Alert email sent successfully.
2025-11-09 19:18:51,114 WARNING No candidate processes found for event; unable to suspend/terminate.
2025-11-09 19:18:51,114 ERROR Failed to restore .: [WinError 5] Access is denied: '.'
2025-11-09 19:18:51,114 INFO Mitigation completed.

2025-11-09 19:18:51,114 INFO Processing violation #10: No candidate processes from user EUID found at 2025-11-08T22:02:35Z
2025-11-09 19:18:51,114 INFO Mitigation triggered for created on . at 2025-11-08T22:02:35Z
2025-11-09 19:18:54,127 INFO Alert email sent successfully.
2025-11-09 19:18:54,282 WARNING No candidate processes found for event; unable to suspend/terminate.
2025-11-09 19:18:54,283 INFO Mitigation completed.

2025-11-09 19:18:54,283 INFO Mitigation component finished.
2025-11-09 19:20:12,813 INFO Mitigation component started.
2025-11-09 19:20:12,813 INFO Processing violation #1: Detected event: MODIFIED on C:\Users\USER\Desktop\RansomWare\personal_ss4334\secret1 at 2025-11-09T01:27:55.110265Z
2025-11-09 19:20:12,819 INFO Mitigation triggered for unknown on . at 2025-11-09T01:27:55.110265Z
2025-11-09 19:20:18,190 INFO Alert email sent successfully.
2025-11-09 19:20:18,670 WARNING No candidate processes found for event; unable to suspend/terminate.
2025-11-09 19:20:18,671 INFO Mitigation completed.

2025-11-09 19:20:18,671 INFO Processing violation #2: Detected event: DELETED on C:\Users\USER\Desktop\RansomWare\personal_ss4334\index.html at 2025-11-09T01:04:37.700549Z
2025-11-09 19:20:18,672 INFO Mitigation triggered for unknown on . at 2025-11-09T01:04:37.700549Z
2025-11-09 19:20:21,681 INFO Alert email sent successfully.
2025-11-09 19:20:21,833 WARNING No candidate processes found for event; unable to suspend/terminate.
2025-11-09 19:20:21,833 INFO Mitigation completed.

2025-11-09 19:20:21,834 INFO Processing violation #3: Detected event: DELETED on C:\Users\USER\Desktop\RansomWare\personal_ss4334\testfile1.txt at 2025-11-09T01:03:47.909317Z
2025-11-09 19:20:21,834 INFO Mitigation triggered for unknown on . at 2025-11-09T01:03:47.909317Z
2025-11-09 19:20:24,930 INFO Alert email sent successfully.
2025-11-09 19:20:25,079 WARNING No candidate processes found for event; unable to suspend/terminate.
2025-11-09 19:20:25,080 INFO Mitigation completed.

2025-11-09 19:20:25,080 INFO Processing violation #4: Detected event: MODIFIED on C:\Users\USER\Desktop\RansomWare\personal_ss4334\testfile1.txt at 2025-11-09T01:02:57.700107Z
2025-11-09 19:20:25,081 INFO Mitigation triggered for unknown on . at 2025-11-09T01:02:57.700107Z
2025-11-09 19:20:28,452 INFO Alert email sent successfully.
2025-11-09 19:20:28,619 WARNING No candidate processes found for event; unable to suspend/terminate.
2025-11-09 19:20:28,621 INFO Mitigation completed.

2025-11-09 19:20:28,621 INFO Processing violation #5: Detected event: CREATED on C:\Users\USER\Desktop\RansomWare\personal_ss4334\testfile1.txt at 2025-11-09T01:02:35.645921Z
2025-11-09 19:20:28,621 INFO Mitigation triggered for unknown on . at 2025-11-09T01:02:35.645921Z
2025-11-09 19:20:31,619 INFO Alert email sent successfully.
2025-11-09 19:20:31,763 WARNING No candidate processes found for event; unable to suspend/terminate.
2025-11-09 19:20:31,763 INFO Mitigation completed.

2025-11-09 19:20:31,763 INFO Processing violation #6: Detected event: CREATED on C:\Users\USER\Desktop\RansomWare\personal_ss4334\index.html at 2025-11-09T01:01:47.272279Z
2025-11-09 19:20:31,763 INFO Mitigation triggered for unknown on . at 2025-11-09T01:01:47.272279Z
2025-11-09 19:20:34,863 INFO Alert email sent successfully.
2025-11-09 19:20:35,014 WARNING No candidate processes found for event; unable to suspend/terminate.
2025-11-09 19:20:35,014 INFO Mitigation completed.

2025-11-09 19:20:35,015 INFO Processing violation #7: No candidate processes from user EUID found at 2025-11-08T22:04:37Z
2025-11-09 19:20:35,018 INFO Mitigation triggered for deleted on . at 2025-11-08T22:04:37Z
2025-11-09 19:20:37,970 INFO Alert email sent successfully.
2025-11-09 19:20:38,121 WARNING No candidate processes found for event; unable to suspend/terminate.
2025-11-09 19:20:38,121 ERROR Failed to restore .: [WinError 5] Access is denied: '.'
2025-11-09 19:20:38,121 INFO Mitigation completed.

2025-11-09 19:20:38,121 INFO Processing violation #8: No candidate processes from user EUID found at 2025-11-08T22:03:47Z
2025-11-09 19:20:38,121 INFO Mitigation triggered for deleted on . at 2025-11-08T22:03:47Z
2025-11-09 19:20:41,099 INFO Alert email sent successfully.
2025-11-09 19:20:41,241 WARNING No candidate processes found for event; unable to suspend/terminate.
2025-11-09 19:20:41,254 ERROR Failed to restore .: [WinError 5] Access is denied: '.'
2025-11-09 19:20:41,254 INFO Mitigation completed.

2025-11-09 19:20:41,254 INFO Processing violation #9: No candidate processes from user EUID found at 2025-11-08T22:02:57Z
2025-11-09 19:20:41,254 INFO Mitigation triggered for modified on . at 2025-11-08T22:02:57Z
